{
    "Length": 0,
    "Items": []
}---------------------------------------------------------
