{
    "Length": 0,
    "Items": []
}---------------------------------------------------------
{
    "Length": 1,
    "Items": [
        {
            "Name": "frodo",
            "Age": 10
        }
    ]
}---------------------------------------------------------
{
    "Length": 2,
    "Items": [
        {
            "Name": "frodo",
            "Age": 10
        },
        {
            "Name": "Gandalf",
            "Age": 25
        }
    ]
}---------------------------------------------------------
{
    "Length": 3,
    "Items": [
        {
            "Name": "frodo",
            "Age": 10
        },
        {
            "Name": "Gandalf",
            "Age": 25
        },
        {
            "Name": "Buttons",
            "Age": 13
        }
    ]
}---------------------------------------------------------
